// Jest Snapshot v1, https://goo.gl/fbAQLP

exports[`PokemonPicture component debe de hacer match con el snapshot 1`] = `
<!-- <h3>Pokemon options</h3> -->
<div class="options-container">
  <ul>
    <li>bulbasaur</li>
    <li>ivysaur</li>
    <li>venusaur</li>
    <li>charmander</li>
  </ul>
</div>
`;
